[    0.000000] Linux version 4.15.0-112-generic (buildd@lcy01-amd64-027) (gcc version 7.5.0 (Ubuntu 7.5.0-3ubuntu1~18.04)) #113-Ubuntu SMP Thu Jul 9 23:41:39 UTC 2020 (Ubuntu 4.15.0-112.113-generic 4.15.18)
[    0.000000] Command line: BOOT_IMAGE=/boot/vmlinuz-4.15.0-112-generic root=UUID=e48d13b7-639c-4bfa-8c99-0ce40e0faa05 ro console=tty1 console=ttyS0
[    0.000000] KERNEL supported cpus:
[    0.000000]   Intel GenuineIntel
[    0.000000]   AMD AuthenticAMD
[    0.000000]   Centaur CentaurHauls
[    0.000000] x86/fpu: Supporting XSAVE feature 0x001: 'x87 floating point registers'
[    0.000000] x86/fpu: Supporting XSAVE feature 0x002: 'SSE registers'
[    0.000000] x86/fpu: Supporting XSAVE feature 0x004: 'AVX registers'
[    0.000000] x86/fpu: xstate_offset[2]:  576, xstate_sizes[2]:  256
[    0.000000] x86/fpu: Enabled xstate features 0x7, context size is 832 bytes, using 'standard' format.
[    0.000000] e820: BIOS-provided physical RAM map:
[    0.000000] BIOS-e820: [mem 0x0000000000000000-0x000000000009fbff] usable
[    0.000000] BIOS-e820: [mem 0x000000000009fc00-0x000000000009ffff] reserved
[    0.000000] BIOS-e820: [mem 0x00000000000f0000-0x00000000000fffff] reserved
[    0.000000] BIOS-e820: [mem 0x0000000000100000-0x000000005ffeffff] usable
[    0.000000] BIOS-e820: [mem 0x000000005fff0000-0x000000005fffffff] ACPI data
[    0.000000] BIOS-e820: [mem 0x00000000fec00000-0x00000000fec00fff] reserved
[    0.000000] BIOS-e820: [mem 0x00000000fee00000-0x00000000fee00fff] reserved
[    0.000000] BIOS-e820: [mem 0x00000000fffc0000-0x00000000ffffffff] reserved
[    0.000000] NX (Execute Disable) protection: active
[    0.000000] SMBIOS 2.5 present.
[    0.000000] DMI: innotek GmbH VirtualBox/VirtualBox, BIOS VirtualBox 12/01/2006
[    0.000000] Hypervisor detected: KVM
[    0.000000] e820: last_pfn = 0x5fff0 max_arch_pfn = 0x400000000
[    0.000000] MTRR: Disabled
[    0.000000] x86/PAT: MTRRs disabled, skipping PAT initialization too.
[    0.000000] CPU MTRRs all blank - virtualized system.
[    0.000000] x86/PAT: Configuration [0-7]: WB  WT  UC- UC  WB  WT  UC- UC  
[    0.000000] found SMP MP-table at [mem 0x0009fff0-0x0009ffff]
[    0.000000] Scanning 1 areas for low memory corruption
[    0.000000] RAMDISK: [mem 0x3595f000-0x36ca6fff]
[    0.000000] ACPI: Early table checksum verification disabled
[    0.000000] ACPI: RSDP 0x00000000000E0000 000024 (v02 VBOX  )
[    0.000000] ACPI: XSDT 0x000000005FFF0030 00003C (v01 VBOX   VBOXXSDT 00000001 ASL  00000061)
[    0.000000] ACPI: FACP 0x000000005FFF00F0 0000F4 (v04 VBOX   VBOXFACP 00000001 ASL  00000061)
[    0.000000] ACPI: DSDT 0x000000005FFF0470 0022EA (v02 VBOX   VBOXBIOS 00000002 INTL 20100528)
[    0.000000] ACPI: FACS 0x000000005FFF0200 000040
[    0.000000] ACPI: FACS 0x000000005FFF0200 000040
[    0.000000] ACPI: APIC 0x000000005FFF0240 00005C (v02 VBOX   VBOXAPIC 00000001 ASL  00000061)
[    0.000000] ACPI: SSDT 0x000000005FFF02A0 0001CC (v01 VBOX   VBOXCPUT 00000002 INTL 20100528)
[    0.000000] No NUMA configuration found
[    0.000000] Faking a node at [mem 0x0000000000000000-0x000000005ffeffff]
[    0.000000] NODE_DATA(0) allocated [mem 0x5ffc5000-0x5ffeffff]
[    0.000000] kvm-clock: cpu 0, msr 0:5ff44001, primary cpu clock
[    0.000000] kvm-clock: Using msrs 4b564d01 and 4b564d00
[    0.000000] kvm-clock: using sched offset of 4033601094 cycles
[    0.000000] clocksource: kvm-clock: mask: 0xffffffffffffffff max_cycles: 0x1cd42e4dffb, max_idle_ns: 881590591483 ns
[    0.000000] Zone ranges:
[    0.000000]   DMA      [mem 0x0000000000001000-0x0000000000ffffff]
[    0.000000]   DMA32    [mem 0x0000000001000000-0x000000005ffeffff]
[    0.000000]   Normal   empty
[    0.000000]   Device   empty
[    0.000000] Movable zone start for each node
[    0.000000] Early memory node ranges
[    0.000000]   node   0: [mem 0x0000000000001000-0x000000000009efff]
[    0.000000]   node   0: [mem 0x0000000000100000-0x000000005ffeffff]
[    0.000000] Reserved but unavailable: 98 pages
[    0.000000] Initmem setup node 0 [mem 0x0000000000001000-0x000000005ffeffff]
[    0.000000] ACPI: PM-Timer IO Port: 0x4008
[    0.000000] IOAPIC[0]: apic_id 2, version 32, address 0xfec00000, GSI 0-23
[    0.000000] ACPI: INT_SRC_OVR (bus 0 bus_irq 0 global_irq 2 dfl dfl)
[    0.000000] ACPI: INT_SRC_OVR (bus 0 bus_irq 9 global_irq 9 low level)
[    0.000000] Using ACPI (MADT) for SMP configuration information
[    0.000000] smpboot: Allowing 2 CPUs, 0 hotplug CPUs
[    0.000000] PM: Registered nosave memory: [mem 0x00000000-0x00000fff]
[    0.000000] PM: Registered nosave memory: [mem 0x0009f000-0x0009ffff]
[    0.000000] PM: Registered nosave memory: [mem 0x000a0000-0x000effff]
[    0.000000] PM: Registered nosave memory: [mem 0x000f0000-0x000fffff]
[    0.000000] e820: [mem 0x60000000-0xfebfffff] available for PCI devices
[    0.000000] Booting paravirtualized kernel on KVM
[    0.000000] clocksource: refined-jiffies: mask: 0xffffffff max_cycles: 0xffffffff, max_idle_ns: 7645519600211568 ns
[    0.000000] random: get_random_bytes called from start_kernel+0x99/0x500 with crng_init=0
[    0.000000] setup_percpu: NR_CPUS:8192 nr_cpumask_bits:2 nr_cpu_ids:2 nr_node_ids:1
[    0.000000] percpu: Embedded 45 pages/cpu s147456 r8192 d28672 u1048576
[    0.000000] PV qspinlock hash table entries: 256 (order: 0, 4096 bytes)
[    0.000000] Built 1 zonelists, mobility grouping on.  Total pages: 386937
[    0.000000] Policy zone: DMA32
[    0.000000] Kernel command line: BOOT_IMAGE=/boot/vmlinuz-4.15.0-112-generic root=UUID=e48d13b7-639c-4bfa-8c99-0ce40e0faa05 ro console=tty1 console=ttyS0
[    0.000000] Memory: 1498604K/1572408K available (12300K kernel code, 2481K rwdata, 4272K rodata, 2436K init, 2720K bss, 73804K reserved, 0K cma-reserved)
[    0.000000] SLUB: HWalign=64, Order=0-3, MinObjects=0, CPUs=2, Nodes=1
[    0.000000] Kernel/User page tables isolation: enabled
[    0.000000] ftrace: allocating 39378 entries in 154 pages
[    0.004000] Hierarchical RCU implementation.
[    0.004000] 	RCU restricting CPUs from NR_CPUS=8192 to nr_cpu_ids=2.
[    0.004000] 	Tasks RCU enabled.
[    0.004000] RCU: Adjusting geometry for rcu_fanout_leaf=16, nr_cpu_ids=2
[    0.004000] NR_IRQS: 524544, nr_irqs: 440, preallocated irqs: 16
[    0.004000] Console: colour VGA+ 80x25
[    0.004000] console [tty1] enabled
[    0.004000] console [ttyS0] enabled
[    0.004000] ACPI: Core revision 20170831
[    0.004000] ACPI: 2 ACPI AML tables successfully acquired and loaded
[    0.004000] APIC: Switch to symmetric I/O mode setup
[    0.004000] x2apic enabled
[    0.004000] Switched APIC routing to physical x2apic.
[    0.004986] ..TIMER: vector=0x30 apic1=0 pin1=2 apic2=-1 pin2=-1
[    0.008003] tsc: Detected 2495.998 MHz processor
[    0.009266] Calibrating delay loop (skipped) preset value.. 4991.99 BogoMIPS (lpj=9983992)
[    0.012002] pid_max: default: 32768 minimum: 301
[    0.013007] Security Framework initialized
[    0.016006] Yama: becoming mindful.
[    0.016843] AppArmor: AppArmor initialized
[    0.019058] Dentry cache hash table entries: 262144 (order: 9, 2097152 bytes)
[    0.021146] Inode-cache hash table entries: 131072 (order: 8, 1048576 bytes)
[    0.024020] Mount-cache hash table entries: 4096 (order: 3, 32768 bytes)
[    0.025819] Mountpoint-cache hash table entries: 4096 (order: 3, 32768 bytes)
[    0.028247] Last level iTLB entries: 4KB 64, 2MB 8, 4MB 8
[    0.029348] Last level dTLB entries: 4KB 64, 2MB 0, 4MB 0, 1GB 4
[    0.030760] Spectre V1 : Mitigation: usercopy/swapgs barriers and __user pointer sanitization
[    0.032005] Spectre V2 : Mitigation: Full generic retpoline
[    0.033020] Spectre V2 : Spectre v2 / SpectreRSB mitigation: Filling RSB on context switch
[    0.036001] Speculative Store Bypass: Vulnerable
[    0.036889] SRBDS: Unknown: Dependent on hypervisor status
[    0.037913] MDS: Vulnerable: Clear CPU buffers attempted, no microcode
[    0.040162] Freeing SMP alternatives memory: 36K
[    0.152021] APIC calibration not consistent with PM-Timer: 101ms instead of 100ms
[    0.154583] APIC delta adjusted to PM-Timer: 6248945 (6329669)
[    0.156159] smpboot: CPU0: Intel(R) Core(TM) i7-7660U CPU @ 2.50GHz (family: 0x6, model: 0x8e, stepping: 0x9)
[    0.159885] Performance Events: unsupported p6 CPU model 142 no PMU driver, software events only.
[    0.160034] Hierarchical SRCU implementation.
[    0.164164] NMI watchdog: Perf event create on CPU 0 failed with -2
[    0.165588] NMI watchdog: Perf NMI watchdog permanently disabled
[    0.166778] smp: Bringing up secondary CPUs ...
[    0.167807] x86: Booting SMP configuration:
[    0.168003] .... node  #0, CPUs:      #1
[    0.004000] kvm-clock: cpu 1, msr 0:5ff44041, secondary cpu clock
[    0.176026] smp: Brought up 1 node, 2 CPUs
[    0.177089] smpboot: Max logical packages: 1
[    0.178116] smpboot: Total of 2 processors activated (9983.99 BogoMIPS)
[    0.180128] devtmpfs: initialized
[    0.180915] x86/mm: Memory block size: 128MB
[    0.182070] evm: security.selinux
[    0.184004] evm: security.SMACK64
[    0.184952] evm: security.SMACK64EXEC
[    0.185682] evm: security.SMACK64TRANSMUTE
[    0.188006] evm: security.SMACK64MMAP
[    0.189368] evm: security.apparmor
[    0.190055] evm: security.ima
[    0.192003] evm: security.capability
[    0.196016] clocksource: jiffies: mask: 0xffffffff max_cycles: 0xffffffff, max_idle_ns: 7645041785100000 ns
[    0.199010] futex hash table entries: 512 (order: 3, 32768 bytes)
[    0.200069] pinctrl core: initialized pinctrl subsystem
[    0.201309] RTC time:  2:18:44, date: 08/18/20
[    0.202846] NET: Registered protocol family 16
[    0.204075] audit: initializing netlink subsys (disabled)
[    0.206328] audit: type=2000 audit(1597717130.271:1): state=initialized audit_enabled=0 res=1
[    0.208010] cpuidle: using governor ladder
[    0.208852] cpuidle: using governor menu
[    0.209643] ACPI: bus type PCI registered
[    0.212014] acpiphp: ACPI Hot Plug PCI Controller Driver version: 0.5
[    0.216112] PCI: Using configuration type 1 for base access
[    0.224136] HugeTLB registered 2.00 MiB page size, pre-allocated 0 pages
[    0.225356] ACPI: Added _OSI(Module Device)
[    0.228002] ACPI: Added _OSI(Processor Device)
[    0.228003] ACPI: Added _OSI(3.0 _SCP Extensions)
[    0.229451] ACPI: Added _OSI(Processor Aggregator Device)
[    0.232017] ACPI: Added _OSI(Linux-Dell-Video)
[    0.232017] ACPI: Added _OSI(Linux-Lenovo-NV-HDMI-Audio)
[    0.233347] ACPI: Added _OSI(Linux-HPI-Hybrid-Graphics)
[    0.235138] ACPI: Executed 1 blocks of module-level executable AML code
[    0.242857] ACPI: Interpreter enabled
[    0.244015] ACPI: (supports S0 S5)
[    0.245614] ACPI: Using IOAPIC for interrupt routing
[    0.248330] PCI: Using host bridge windows from ACPI; if necessary, use "pci=nocrs" and report a bug
[    0.252682] ACPI: Enabled 2 GPEs in block 00 to 07
[    0.270199] ACPI: PCI Root Bridge [PCI0] (domain 0000 [bus 00-ff])
[    0.272044] acpi PNP0A03:00: _OSC: OS supports [ASPM ClockPM Segments MSI]
[    0.276605] acpi PNP0A03:00: _OSC: not requesting OS control; OS requires [ExtendedConfig ASPM ClockPM MSI]
[    0.280069] acpi PNP0A03:00: fail to add MMCONFIG information, can't access extended PCI configuration space under this bridge.
[    0.285069] PCI host bridge to bus 0000:00
[    0.288108] pci_bus 0000:00: root bus resource [io  0x0000-0x0cf7 window]
[    0.292004] pci_bus 0000:00: root bus resource [io  0x0d00-0xffff window]
[    0.294085] pci_bus 0000:00: root bus resource [mem 0x000a0000-0x000bffff window]
[    0.296007] pci_bus 0000:00: root bus resource [mem 0x60000000-0xfdffffff window]
[    0.300004] pci_bus 0000:00: root bus resource [bus 00-ff]
[    0.309130] pci 0000:00:01.1: legacy IDE quirk: reg 0x10: [io  0x01f0-0x01f7]
[    0.311822] pci 0000:00:01.1: legacy IDE quirk: reg 0x14: [io  0x03f6]
[    0.316005] pci 0000:00:01.1: legacy IDE quirk: reg 0x18: [io  0x0170-0x0177]
[    0.316005] pci 0000:00:01.1: legacy IDE quirk: reg 0x1c: [io  0x0376]
[    0.344466] pci 0000:00:07.0: quirk: [io  0x4000-0x403f] claimed by PIIX4 ACPI
[    0.346686] pci 0000:00:07.0: quirk: [io  0x4100-0x410f] claimed by PIIX4 SMB
[    0.358562] ACPI: PCI Interrupt Link [LNKA] (IRQs 5 9 10 *11)
[    0.360263] ACPI: PCI Interrupt Link [LNKB] (IRQs 5 9 *10 11)
[    0.364155] ACPI: PCI Interrupt Link [LNKC] (IRQs 5 *9 10 11)
[    0.368132] ACPI: PCI Interrupt Link [LNKD] (IRQs 5 9 10 *11)
[    0.369636] SCSI subsystem initialized
[    0.372091] pci 0000:00:02.0: vgaarb: setting as boot VGA device
[    0.375059] pci 0000:00:02.0: vgaarb: VGA device added: decodes=io+mem,owns=io+mem,locks=none
[    0.376007] pci 0000:00:02.0: vgaarb: bridge control possible
[    0.377467] vgaarb: loaded
[    0.378295] ACPI: bus type USB registered
[    0.384058] usbcore: registered new interface driver usbfs
[    0.385778] usbcore: registered new interface driver hub
[    0.392051] usbcore: registered new device driver usb
[    0.392052] EDAC MC: Ver: 3.0.0
[    0.393126] PCI: Using ACPI for IRQ routing
[    0.396004] NetLabel: Initializing
[    0.416007] NetLabel:  domain hash size = 128
[    0.432004] NetLabel:  protocols = UNLABELED CIPSOv4 CALIPSO
[    0.436026] NetLabel:  unlabeled traffic allowed by default
[    0.440133] clocksource: Switched to clocksource kvm-clock
[    0.525010] VFS: Disk quotas dquot_6.6.0
[    0.526934] VFS: Dquot-cache hash table entries: 512 (order 0, 4096 bytes)
[    0.529817] AppArmor: AppArmor Filesystem Enabled
[    0.531153] pnp: PnP ACPI init
[    0.534400] pnp: PnP ACPI: found 3 devices
[    0.540824] clocksource: acpi_pm: mask: 0xffffff max_cycles: 0xffffff, max_idle_ns: 2085701024 ns
[    0.547584] NET: Registered protocol family 2
[    0.550151] TCP established hash table entries: 16384 (order: 5, 131072 bytes)
[    0.552764] TCP bind hash table entries: 16384 (order: 6, 262144 bytes)
[    0.555416] TCP: Hash tables configured (established 16384 bind 16384)
[    0.557877] UDP hash table entries: 1024 (order: 3, 32768 bytes)
[    0.559736] UDP-Lite hash table entries: 1024 (order: 3, 32768 bytes)
[    0.564946] NET: Registered protocol family 1
[    0.568030] pci 0000:00:00.0: Limiting direct PCI/PCI transfers
[    0.569770] pci 0000:00:01.0: Activating ISA DMA hang workarounds
[    0.571617] pci 0000:00:02.0: Video device with shadowed ROM at [mem 0x000c0000-0x000dffff]
[    0.574514] Unpacking initramfs...
[    0.881104] Freeing initrd memory: 19744K
[    0.904891] clocksource: tsc: mask: 0xffffffffffffffff max_cycles: 0x23fa754787d, max_idle_ns: 440795210092 ns
[    0.929981] platform rtc_cmos: registered platform RTC device (no PNP device found)
[    0.934554] Scanning for low memory corruption every 60 seconds
[    0.937520] Initialise system trusted keyrings
[    0.938369] Key type blacklist registered
[    0.946572] workingset: timestamp_bits=36 max_order=19 bucket_order=0
[    0.951013] zbud: loaded
[    0.952527] squashfs: version 4.0 (2009/01/31) Phillip Lougher
[    0.955099] fuse init (API version 7.26)
[    0.959207] Key type asymmetric registered
[    0.960030] Asymmetric key parser 'x509' registered
[    0.961061] Block layer SCSI generic (bsg) driver version 0.4 loaded (major 246)
[    0.962523] io scheduler noop registered
[    0.963428] io scheduler deadline registered
[    0.964975] io scheduler cfq registered (default)
[    0.966563] ACPI: AC Adapter [AC] (on-line)
[    0.967420] input: Power Button as /devices/LNXSYSTM:00/LNXPWRBN:00/input/input0
[    0.968990] ACPI: Power Button [PWRF]
[    0.969822] input: Sleep Button as /devices/LNXSYSTM:00/LNXSLPBN:00/input/input1
[    0.971855] ACPI: Sleep Button [SLPF]
[    0.974764] ACPI: Battery Slot [BAT0] (battery present)
[    0.976457] Serial: 8250/16550 driver, 32 ports, IRQ sharing enabled
 	
 !"#$%&'()*+,-./0123456789:;<=>?@ABCDEFGHIJKLMNOPQRSTUVWXYZ[\]^_`abcdefghijklmnopqrstuvwxyz{|}~€‚ƒ„…†‡ˆ‰Š‹ŒŽ‘’“”•–—˜™š›œžŸ ¡¢£¤¥¦§¨©ª«¬­®¯°±²³´µ¶·¸¹º»¼½¾¿ÀÁÂÃÄÅÆÇÈÉÊËÌÍÎÏÐÑÒÓÔÕÖ×ØÙÚÛÜÝÞßàáâãäåæçèéêëìíîïðñòóôõö÷øùúûüýþÿ[    1.001453] 00:02: ttyS0 at I/O 0x3f8 (irq = 4, base_baud = 115200) is a 16550A
[    1.006794] Linux agpgart interface v0.103
[    1.008741] loop: module loaded
[    1.010037] scsi host0: ata_piix
[    1.011117] scsi host1: ata_piix
[    1.011759] ata1: PATA max UDMA/33 cmd 0x1f0 ctl 0x3f6 bmdma 0xd000 irq 14
[    1.013053] ata2: PATA max UDMA/33 cmd 0x170 ctl 0x376 bmdma 0xd008 irq 15
[    1.014358] libphy: Fixed MDIO Bus: probed
[    1.015779] tun: Universal TUN/TAP device driver, 1.6
[    1.017146] PPP generic driver version 2.4.2
[    1.018089] ehci_hcd: USB 2.0 'Enhanced' Host Controller (EHCI) Driver
[    1.019285] ehci-pci: EHCI PCI platform driver
[    1.020180] ehci-platform: EHCI generic platform driver
[    1.021183] ohci_hcd: USB 1.1 'Open' Host Controller (OHCI) Driver
[    1.023286] ohci-pci: OHCI PCI platform driver
[    1.025001] ohci-platform: OHCI generic platform driver
[    1.026328] uhci_hcd: USB Universal Host Controller Interface driver
[    1.028282] i8042: PNP: PS/2 Controller [PNP0303:PS2K,PNP0f03:PS2M] at 0x60,0x64 irq 1,12
[    1.030677] serio: i8042 KBD port at 0x60,0x64 irq 1
[    1.031654] serio: i8042 AUX port at 0x60,0x64 irq 12
[    1.032810] mousedev: PS/2 mouse device common for all mice
[    1.034696] input: AT Translated Set 2 keyboard as /devices/platform/i8042/serio0/input/input2
[    1.036554] rtc_cmos rtc_cmos: rtc core: registered rtc_cmos as rtc0
[    1.037780] rtc_cmos rtc_cmos: alarms up to one day, 114 bytes nvram
[    1.039260] i2c /dev entries driver
[    1.041518] device-mapper: uevent: version 1.0.3
[    1.042832] device-mapper: ioctl: 4.37.0-ioctl (2017-09-20) initialised: dm-devel@redhat.com
[    1.044488] ledtrig-cpu: registered to indicate activity on CPUs
[    1.046694] NET: Registered protocol family 10
[    1.050553] Segment Routing with IPv6
[    1.051273] NET: Registered protocol family 17
[    1.052282] Key type dns_resolver registered
[    1.053328] mce: Using 0 MCE banks
[    1.054482] RAS: Correctable Errors collector initialized.
[    1.055846] sched_clock: Marking stable (1053307137, 0)->(1429995150, -376688013)
[    1.057750] registered taskstats version 1
[    1.058558] Loading compiled-in X.509 certificates
[    1.061686] Loaded X.509 cert 'Build time autogenerated kernel key: 1d4b83cbc5f7a3cd7e4471a5cf69d65d9314bdf5'
[    1.063760] zswap: loaded using pool lzo/zbud
[    1.067633] Key type big_key registered
[    1.068826] Key type trusted registered
[    1.071098] Key type encrypted registered
[    1.071902] AppArmor: AppArmor sha1 policy hashing enabled
[    1.073485] ima: No TPM chip found, activating TPM-bypass! (rc=-19)
[    1.075801] ima: Allocated hash algorithm: sha1
[    1.077915] evm: HMAC attrs: 0x1
[    1.079537]   Magic number: 0:844:308
[    1.081009] tty tty37: hash matches
[    1.082046] rtc_cmos rtc_cmos: setting system clock to 2020-08-18 02:18:45 UTC (1597717125)
[    1.083826] BIOS EDD facility v0.16 2004-Jun-25, 0 devices found
[    1.085374] EDD information not available.
[    1.178104] Freeing unused kernel image memory: 2436K
[    1.201719] Write protecting the kernel read-only data: 20480k
[    1.205825] Freeing unused kernel image memory: 2008K
[    1.208424] Freeing unused kernel image memory: 1872K
[    1.216142] x86/mm: Checked W+X mappings: passed, no W+X pages found.
[    1.217502] x86/mm: Checking user space page tables
[    1.225802] x86/mm: Checked W+X mappings: passed, no W+X pages found.
Loading, please wait...
starting version 237
[    1.299938] Fusion MPT base driver 3.04.20
[    1.301333] Copyright (c) 1999-2008 LSI Corporation
[    1.307891] Fusion MPT SPI Host driver 3.04.20
[    1.313958] e1000: Intel(R) PRO/1000 Network Driver - version 7.3.21-k8-NAPI
[    1.316431] e1000: Copyright (c) 1999-2006 Intel Corporation.
[    1.330883] AVX2 version of gcm_enc/dec engaged.
[    1.333449] AES CTR mode by8 optimization enabled
[    1.580263] input: ImExPS/2 Generic Explorer Mouse as /devices/platform/i8042/serio1/input/input4
[    1.756535] e1000 0000:00:03.0 eth0: (PCI:33MHz:32-bit) 02:b7:91:53:ac:49
[    1.760155] e1000 0000:00:03.0 eth0: Intel(R) PRO/1000 Network Connection
[    1.763684] mptbase: ioc0: Initiating bringup
[    1.766171] e1000 0000:00:03.0 enp0s3: renamed from eth0
[    2.314987] ioc0: LSI53C1030 A0: Capabilities={Initiator}
[    3.513069] scsi host2: ioc0: LSI53C1030 A0, FwRev=00000000h, Ports=1, MaxQ=256, IRQ=20
[    4.159827] scsi 2:0:0:0: Direct-Access     VBOX     HARDDISK         1.0  PQ: 0 ANSI: 5
[    4.196220] scsi target2:0:0: Beginning Domain Validation
[    4.200139] scsi target2:0:0: Domain Validation skipping write tests
[    4.201504] scsi target2:0:0: Ending Domain Validation
[    4.202723] scsi target2:0:0: asynchronous
[    4.204731] scsi 2:0:1:0: Direct-Access     VBOX     HARDDISK         1.0  PQ: 0 ANSI: 5
[    4.236511] scsi target2:0:1: Beginning Domain Validation
[    4.240308] random: fast init done
[    4.242053] scsi target2:0:1: Domain Validation skipping write tests
[    4.243393] scsi target2:0:1: Ending Domain Validation
[    4.244594] scsi target2:0:1: asynchronous
[    4.249958] random: systemd-udevd: uninitialized urandom read (16 bytes read)
[    4.249963] sd 2:0:0:0: Attached scsi generic sg0 type 0
[    4.252116] random: systemd-udevd: uninitialized urandom read (16 bytes read)
[    4.253212] sd 2:0:1:0: Attached scsi generic sg1 type 0
[    4.255010] random: systemd-udevd: uninitialized urandom read (16 bytes read)
[    4.258397] sd 2:0:0:0: [sda] 20971520 512-byte logical blocks: (10.7 GB/10.0 GiB)
[    4.260165] sd 2:0:0:0: [sda] Write Protect is off
[    4.260241] sd 2:0:1:0: [sdb] 20480 512-byte logical blocks: (10.5 MB/10.0 MiB)
[    4.263676] sd 2:0:1:0: [sdb] Write Protect is off
[    4.264543] sd 2:0:0:0: [sda] Incomplete mode parameter data
[    4.266759] sd 2:0:0:0: [sda] Assuming drive cache: write through
[    4.268751] sd 2:0:1:0: [sdb] Incomplete mode parameter data
[    4.270430] sd 2:0:1:0: [sdb] Assuming drive cache: write through
[    4.273922]  sda: sda1
[    4.276260] sd 2:0:0:0: [sda] Attached SCSI disk
[    4.276299] sd 2:0:1:0: [sdb] Attached SCSI disk
Begin: Loading essential drivers ... [    5.708055] raid6: sse2x1   gen() 11477 MB/s
[    5.756554] raid6: sse2x1   xor()  8311 MB/s
[    5.804240] raid6: sse2x2   gen() 14694 MB/s
[    5.852005] raid6: sse2x2   xor() 10891 MB/s
[    5.900050] raid6: sse2x4   gen() 17875 MB/s
[    5.948307] raid6: sse2x4   xor() 10782 MB/s
[    5.999845] raid6: avx2x1   gen() 22705 MB/s
[    6.048123] raid6: avx2x1   xor()  8584 MB/s
[    6.096146] raid6: avx2x2   gen() 17395 MB/s
[    6.144338] raid6: avx2x2   xor() 10555 MB/s
[    6.192315] raid6: avx2x4   gen() 34132 MB/s
[    6.240218] raid6: avx2x4   xor() 20351 MB/s
[    6.241532] raid6: using algorithm avx2x4 gen() 34132 MB/s
[    6.242812] raid6: .... xor() 20351 MB/s, rmw enabled
[    6.244066] raid6: using avx2x2 recovery algorithm
[    6.246768] xor: automatically using best checksumming function   avx       
[    6.249302] async_tx: api initialized (async)
done.
Begin: Running /scripts/init-premount ... done.
Begin: Mounting root file system ... Begin: Running /scripts/local-top ... done.
Begin: Running /scripts/local-premount ... [    6.291355] Btrfs loaded, crc32c=crc32c-intel
Scanning for Btrfs filesystems
done.
Warning: fsck not present, so skipping root file system
[    6.330810] EXT4-fs (sda1): INFO: recovery required on readonly filesystem
[    6.332572] EXT4-fs (sda1): write access will be enabled during recovery
[    6.412338] EXT4-fs (sda1): orphan cleanup on readonly fs
[    6.414615] EXT4-fs (sda1): 5 orphan inodes deleted
[    6.415917] EXT4-fs (sda1): recovery complete
[    6.417857] EXT4-fs (sda1): mounted filesystem with ordered data mode. Opts: (null)
done.
Begin: Running /scripts/local-bottom ... done.
Begin: Running /scripts/init-bottom ... done.
[    6.628139] ip_tables: (C) 2000-2006 Netfilter Core Team
[    6.640701] systemd[1]: systemd 237 running in system mode. (+PAM +AUDIT +SELINUX +IMA +APPARMOR +SMACK +SYSVINIT +UTMP +LIBCRYPTSETUP +GCRYPT +GNUTLS +ACL +XZ +LZ4 +SECCOMP +BLKID +ELFUTILS +KMOD -IDN2 +IDN -PCRE2 default-hierarchy=hybrid)
[    6.645097] systemd[1]: Detected virtualization oracle.
[    6.646526] systemd[1]: Detected architecture x86-64.

Welcome to [1mUbuntu 18.04.2 LTS[0m!

[    6.652528] systemd[1]: Set hostname to <ubuntu-bionic>.
[    6.976094] systemd[1]: Reached target User and Group Name Lookups.
[[0;32m  OK  [0m] Reached target User and Group Name Lookups.
[    6.978896] systemd[1]: Reached target System Time Synchronized.
[[0;32m  OK  [0m] Reached target System Time Synchronized.
[    6.982767] systemd[1]: Set up automount Arbitrary Executable File Formats File System Automount Point.
[[0;32m  OK  [0m] Set up automount Arbitrary Executabâ€¦rmats File System Automount Point.
[    6.999280] systemd[1]: Created slice System Slice.
[[0;32m  OK  [0m] Created slice System Slice.
[    7.002259] systemd[1]: Created slice system-serial\x2dgetty.slice.
[[0;32m  OK  [0m] Created slice system-serial\x2dgetty.slice.
[    7.005302] systemd[1]: Listening on udev Control Socket.
[[0;32m  OK  [0m] Listening on udev Control Socket.
[[0;32m  OK  [0m] Created slice system-postgresql.slice.
[[0;32m  OK  [0m] Listening on Journal Socket.
[[0;32m  OK  [0m] Listening on udev Kernel Socket.
         Starting udev Coldplug all Devices...
[[0;32m  OK  [0m] Listening on /dev/initctl Compatibility Named Pipe.
[[0;32m  OK  [0m] Listening on LVM2 metadata daemon socket.
         Mounting POSIX Message Queue File System...
         Starting Uncomplicated firewall...
[[0;32m  OK  [0m] Listening on Device-mapper event daemon FIFOs.
         Starting Monitoring of LVM2 mirrorsâ€¦ng dmeventd or progress polling...
[[0;32m  OK  [0m] Listening on LVM2 poll daemon socket.
         Starting Set the console keyboard layout...
         Starting Remount Root and Kernel File Systems...
[[0;32m  OK  [0m] Listening on Journal Socket (/dev/log).
         Mounting Huge Pages File System...
[[0;32m  OK  [0m] Listening on Journal Audit Socket.
         Mounting Kernel Debug File System...
         Starting Load Kernel Modules...
[[0;32m  OK  [0m] Started Forward Password Requests to Wall Directory Watch.
[[0;32m  OK  [0m] Reached target Swap.
[[0;32m  OK  [0m] Listening on Syslog Socket.
         Starting Journal Service...
         Starting Create list of required stâ€¦ce nodes for the current kernel...
[[0;32m  OK  [0m] Created slice User and Session Slice.
[[0;32m  OK  [0m] Reached target Slices.
[[0;32m  OK  [0m] Listening on Network Service Netlink Socket.
[[0;32m  OK  [0m] Mounted POSIX Message Queue File System.
[[0;32m  OK  [0m] Started Uncomplicated firewall.
[[0;32m  OK  [0m] Mounted Huge Pages File System.
[[0;32m  OK  [0m] Mounted Kernel Debug File System.
[[0;32m  OK  [0m] Started LVM2 metadata daemon.
[    7.102688] EXT4-fs (sda1): re-mounted. Opts: (null)
[[0;32m  OK  [0m] Started Remount Root and Kernel File Systems.
         Starting Load/Save Random Seed...
         Starting Initial cloud-init job (pre-networking)...
[    7.210181] Loading iSCSI transport class v2.0-870.
[    7.220164] iscsi: registered transport (tcp)
[[0;32m  OK  [0m] Started Journal Service.
[[0;32m  OK  [0m] Started Create list of required staâ€¦vice nodes for the current kernel.
[[0;32m  OK  [0m] Started udev Coldplug all Devices.
[    7.269113] iscsi: registered transport (iser)
[[0;32m  OK  [0m] Started Monitoring of LVM2 mirrors,â€¦sing dmeventd or progress polling.
[[0;32m  OK  [0m] Started Load Kernel Modules.
[[0;32m  OK  [0m] Started Load/Save Random Seed.
         Starting Apply Kernel Variables...
         Mounting Kernel Configuration File System...
         Mounting FUSE Control File System...
         Starting Create Static Device Nodes in /dev...
         Starting Flush Journal to Persistent Storage...
[[0;32m  OK  [0m] Mounted Kernel Configuration File System.
[[0;32m  OK  [0m] Mounted FUSE Control File System.
[[0;32m  OK  [0m] Started Set the console keyboard layout.
[[0;32m  OK  [0m] Started Create Static Device Nodes in /dev.
[[0;32m  OK  [0m] Reached target Local File Systems (Pre).
         Mounting Mount unit for heroku, revision 3962...
         Mounting Mount unit for core, revision 9804...
         Mounting Mount unit for heroku, revision 3960...
[[0;32m  OK  [0m] Reached target Local File Systems.
         Starting Set console font and keymap...
         Starting Tell Plymouth To Write Out Runtime Data...
         Starting ebtables ruleset management...
         Starting AppArmor initialization...
         Mounting Mount unit for core, revision 9665...
         Starting udev Kernel Device Manager...
[[0;32m  OK  [0m] Started Apply Kernel Variables.
[[0;32m  OK  [0m] Started Set console font and keymap.
[[0;32m  OK  [0m] Started Tell Plymouth To Write Out Runtime Data.
[[0;32m  OK  [0m] Mounted Mount unit for heroku, revision 3960.
[[0;32m  OK  [0m] Mounted Mount unit for heroku, revision 3962.
[[0;32m  OK  [0m] Mounted Mount unit for core, revision 9665.
[[0;32m  OK  [0m] Mounted Mount unit for core, revision 9804.
[[0;32m  OK  [0m] Started udev Kernel Device Manager.
[[0;32m  OK  [0m] Started Dispatch Password Requests to Console Directory Watch.
[[0;32m  OK  [0m] Reached target Local Encrypted Volumes.
[[0;32m  OK  [0m] Started ebtables ruleset management.
[[0;32m  OK  [0m] Started Flush Journal to Persistent Storage.
         Starting Create Volatile Files and Directories...
[[0;32m  OK  [0m] Found device /dev/ttyS0.
[[0;32m  OK  [0m] Started Create Volatile Files and Directories.
         Starting Update UTMP about System Boot/Shutdown...
[[0;32m  OK  [0m] Started Update UTMP about System Boot/Shutdown.
[[0;32m  OK  [0m] Listening on Load/Save RF Kill Switch Status /dev/rfkill Watch.
[[0;32m  OK  [0m] Started AppArmor initialization.
         Starting Load AppArmor profiles managed internally by snapd...
[[0;32m  OK  [0m] Started Load AppArmor profiles managed internally by snapd.
[    9.447321] cloud-init[422]: Cloud-init v. 18.5-45-g3554ffe8-0ubuntu1~18.04.1 running 'init-local' at Tue, 18 Aug 2020 02:18:53 +0000. Up 9.24 seconds.
[[0;32m  OK  [0m] Started Initial cloud-init job (pre-networking).
[[0;32m  OK  [0m] Reached target Network (Pre).
         Starting Network Service...
[[0;32m  OK  [0m] Started Network Service.
         Starting Network Name Resolution...
         Starting Wait for Network to be Configured...
[[0;32m  OK  [0m] Started Network Name Resolution.
[[0;32m  OK  [0m] Reached target Network.
[[0;32m  OK  [0m] Reached target Host and Network Name Lookups.
[[0;32m  OK  [0m] Started Wait for Network to be Configured.
         Starting Initial cloud-init job (metadata service crawler)...
[   11.605034] cloud-init[743]: Cloud-init v. 18.5-45-g3554ffe8-0ubuntu1~18.04.1 running 'init' at Tue, 18 Aug 2020 02:18:55 +0000. Up 11.42 seconds.
[   11.608217] cloud-init[743]: ci-info: ++++++++++++++++++++++++++++++++++++++Net device info++++++++++++++++++++++++++++++++++++++
[   11.620750] cloud-init[743]: ci-info: +--------+------+----------------------------+---------------+--------+-------------------+
[   11.624802] cloud-init[743]: ci-info: | Device |  Up  |          Address           |      Mask     | Scope  |     Hw-Address    |
[   11.660328] cloud-init[743]: ci-info: +--------+------+----------------------------+---------------+--------+-------------------+
[   11.665511] cloud-init[743]: ci-info: | enp0s3 | True |         10.0.2.15          | 255.255.255.0 | global | 02:b7:91:53:ac:49 |
[   11.674606] cloud-init[743]: ci-info: | enp0s3 | True | fe80::b7:91ff:fe53:ac49/64 |       .       |  link  | 02:b7:91:53:ac:49 |
[   11.678086] cloud-init[743]: ci-info: |   lo   | True |         127.0.0.1          |   255.0.0.0   |  host  |         .         |
[   11.688173] cloud-init[743]: ci-info: |   lo   | True |          ::1/128           |       .       |  host  |         .         |
[   11.708059] cloud-init[743]: ci-info: +--------+------+----------------------------+---------------+--------+-------------------+
[   11.720195] cloud-init[743]: ci-info: ++++++++++++++++++++++++++++Route IPv4 info+++++++++++++++++++++++++++++
[   11.740846] cloud-init[743]: ci-info: +-------+-------------+----------+-----------------+-----------+-------+
[   11.755399] cloud-init[743]: ci-info: | Route | Destination | Gateway  |     Genmask     | Interface | Flags |
[   11.773185] cloud-init[743]: ci-info: +-------+-------------+----------+-----------------+-----------+-------+
[   11.777074] cloud-init[743]: ci-info: |   0   |   0.0.0.0   | 10.0.2.2 |     0.0.0.0     |   enp0s3  |   UG  |
[   11.779422] cloud-init[743]: ci-info: |   1   |   10.0.2.0  | 0.0.0.0  |  255.255.255.0  |   enp0s3  |   U   |
[   11.784592] cloud-init[743]: ci-info: |   2   |   10.0.2.2  | 0.0.0.0  | 255.255.255.255 |   enp0s3  |   UH  |
[   11.789387] cloud-init[743]: ci-info: +-------+-------------+----------+-----------------+-----------+-------+
[   11.793599] cloud-init[743]: ci-info: +++++++++++++++++++Route IPv6 info+++++++++++++++++++
[   11.797605] cloud-init[743]: ci-info: +-------+-------------+---------+-----------+-------+
[   11.800496] cloud-init[743]: ci-info: | Route | Destination | Gateway | Interface | Flags |
[   11.803586] cloud-init[743]: ci-info: +-------+-------------+---------+-----------+-------+
[   11.807952] cloud-init[743]: ci-info: |   1   |  fe80::/64  |    ::   |   enp0s3  |   U   |
[   11.810203] cloud-init[743]: ci-info: |   3   |    local    |    ::   |   enp0s3  |   U   |
[   11.824344] cloud-init[743]: ci-info: |   4   |   ff00::/8  |    ::   |   enp0s3  |   U   |
[   11.830919] cloud-init[743]: ci-info: +-------+-------------+---------+-----------+-------+
[[0;32m  OK  [0m] Started Initial cloud-init job (metadata service crawler).
[[0;32m  OK  [0m] Reached target Network is Online.
[[0;32m  OK  [0m] Reached target Remote File Systems (Pre).
[[0;32m  OK  [0m] Reached target Remote File Systems.
         Starting Availability of block devices...
[[0;32m  OK  [0m] Reached target System Initialization.
         Starting Socket activation for snappy daemon.
[[0;32m  OK  [0m] Started Daily apt download activities.
[[0;32m  OK  [0m] Listening on ACPID Listen Socket.
         Starting LXD - unix socket.
[[0;32m  OK  [0m] Started Message of the Day.
[[0;32m  OK  [0m] Listening on Open-iSCSI iscsid Socket.
[[0;32m  OK  [0m] Started Daily apt upgrade and clean activities.
[[0;32m  OK  [0m] Started Daily Cleanup of Temporary Directories.
[[0;32m  OK  [0m] Listening on UUID daemon activation socket.
[[0;32m  OK  [0m] Started Discard unused blocks once a week.
[[0;32m  OK  [0m] Reached target Timers.
[[0;32m  OK  [0m] Started ACPI Events Check.
[[0;32m  OK  [0m] Reached target Paths.
[[0;32m  OK  [0m] Listening on D-Bus System Message Bus Socket.
[[0;32m  OK  [0m] Reached target Cloud-config availability.
[[0;32m  OK  [0m] Started Availability of block devices.
[[0;32m  OK  [0m] Listening on Socket activation for snappy daemon.
[[0;32m  OK  [0m] Listening on LXD - unix socket.
[[0;32m  OK  [0m] Reached target Sockets.
[[0;32m  OK  [0m] Reached target Basic System.
[[0;32m  OK  [0m] Started Deferred execution scheduler.
         Starting LSB: Record successful boot for GRUB...
         Starting vboxadd.service...
         Starting PostgreSQL Cluster 9.5-main...
         Starting LSB: automatic crash report generation...
[[0;32m  OK  [0m] Started irqbalance daemon.
         Starting Resets System Activity Data Collector...
[[0;32m  OK  [0m] Started D-Bus System Message Bus.
         Starting MySQL Community Server...
[[0;32m  OK  [0m] Started FUSE filesystem for LXC.
         Starting Snap Daemon...
         Starting OpenBSD Secure Shell server...
         Starting LXD - container startup/shutdown...
         Starting System Logging Service...
         Starting Permit User Sessions...
         Starting Dispatcher daemon for systemd-networkd...
[[0;32m  OK  [0m] Started Regular background program processing daemon.
         Starting Accounts Service...
         Starting Login Service...
[[0;32m  OK  [0m] Started System Logging Service.
[[0;32m  OK  [0m] Started Resets System Activity Data Collector.
[[0;32m  OK  [0m] Started Permit User Sessions.
         Starting Terminate Plymouth Boot Screen...
         Starting Hold until boot process finishes up...
[[0;32m  OK  [0m] Started Hold until boot process finishes up.
[[0;32m  OK  [0m] Started Serial Getty on ttyS0.
         Starting Set console scheme...
[[0;32m  OK  [0m] Started Terminate Plymouth Boot Screen.
[[0;32m  OK  [0m] Started Login Service.
[[0;32m  OK  [0m] Started Unattended Upgrades Shutdown.
[[0;32m  OK  [0m] Started Set console scheme.
[[0;32m  OK  [0m] Created slice system-getty.slice.
[[0;32m  OK  [0m] Started Getty on tty1.
[[0;32m  OK  [0m] Reached target Login Prompts.
[[0;32m  OK  [0m] Started OpenBSD Secure Shell server.
[[0;32m  OK  [0m] Started LSB: automatic crash report generation.
[[0;32m  OK  [0m] Started LSB: Record successful boot for GRUB.
         Starting Authorization Manager...
[[0;32m  OK  [0m] Started LXD - container startup/shutdown.
[[0;32m  OK  [0m] Created slice User Slice of vagrant.
         Starting User Manager for UID 1000...
[[0;32m  OK  [0m] Started Session 1 of user vagrant.
[[0;32m  OK  [0m] Started Authorization Manager.
[[0;32m  OK  [0m] Started Accounts Service.
[[0;32m  OK  [0m] Started User Manager for UID 1000.
[[0;32m  OK  [0m] Started Dispatcher daemon for systemd-networkd.
[[0;32m  OK  [0m] Started MySQL Community Server.
[[0;32m  OK  [0m] Started Snap Daemon.
         Starting Wait until snapd is fully seeded...
[[0;32m  OK  [0m] Started Wait until snapd is fully seeded.
         Starting Apply the settings specified in cloud-config...
[[0;32m  OK  [0m] Started vboxadd.service.
         Starting vboxadd-service.service...
[[0;32m  OK  [0m] Started vboxadd-service.service.
[   16.564154] cloud-init[1285]: Cloud-init v. 18.5-45-g3554ffe8-0ubuntu1~18.04.1 running 'modules:config' at Tue, 18 Aug 2020 02:19:00 +0000. Up 16.49 seconds.
[[0;32m  OK  [0m] Started Apply the settings specified in cloud-config.
[[0;32m  OK  [0m] Started PostgreSQL Cluster 9.5-main.
         Starting PostgreSQL RDBMS...
[[0;32m  OK  [0m] Started PostgreSQL RDBMS.
[[0;32m  OK  [0m] Reached target Multi-User System.
[[0;32m  OK  [0m] Reached target Graphical Interface.
         Starting Update UTMP about System Runlevel Changes...
         Starting Execute cloud user/final scripts...
[[0;32m  OK  [0m] Started Update UTMP about System Runlevel Changes.
[   17.612051] cloud-init[1591]: Cloud-init v. 18.5-45-g3554ffe8-0ubuntu1~18.04.1 running 'modules:final' at Tue, 18 Aug 2020 02:19:01 +0000. Up 17.50 seconds.
[   17.616845] cloud-init[1591]: Cloud-init v. 18.5-45-g3554ffe8-0ubuntu1~18.04.1 finished at Tue, 18 Aug 2020 02:19:02 +0000. Datasource DataSourceNoCloud [seed=/dev/sdb][dsmode=net].  Up 17.60 seconds

Ubuntu 18.04.2 LTS ubuntu-bionic ttyS0

ubuntu-bionic login:          Stopping Availability of block devices...
[[0;32m  OK  [0m] Stopped target Cloud-init target.
         Stopping Authorization Manager...
         Stopping User Manager for UID 1000...
[[0;32m  OK  [0m] Stopped target Timers.
[[0;32m  OK  [0m] Stopped Daily Cleanup of Temporary Directories.
[[0;32m  OK  [0m] Stopped target Host and Network Name Lookups.
[[0;32m  OK  [0m] Stopped target Graphical Interface.
         Stopping Session 47 of user vagrant.
[[0;32m  OK  [0m] Stopped Daily apt upgrade and clean activities.
[[0;32m  OK  [0m] Stopped Daily apt download activities.
         Stopping Accounts Service...
[[0;32m  OK  [0m] Stopped Execute cloud user/final scripts.
[[0;32m  OK  [0m] Stopped target Multi-User System.
         Stopping LSB: Record successful boot for GRUB...
         Stopping MySQL Community Server...
         Stopping OpenBSD Secure Shell server...
[[0;32m  OK  [0m] Stopped Resets System Activity Data Collector.
         Stopping LSB: automatic crash report generation...
         Stopping Deferred execution scheduler...
         Stopping Regular background program processing daemon...
[[0;32m  OK  [0m] Stopped Apply the settings specified in cloud-config.
[[0;32m  OK  [0m] Stopped target Network is Online.
[[0;32m  OK  [0m] Stopped Wait until snapd is fully seeded.
[[0;32m  OK  [0m] Stopped target Cloud-config availability.
         Stopping D-Bus System Message Bus...
         Stopping Dispatcher daemon for systemd-networkd...
         Stopping irqbalance daemon...
[[0;32m  OK  [0m] Stopped target Login Prompts.
         Stopping Getty on tty1...
[[0;32m  OK  [0m] Stopped Discard unused blocks once a week.
         Stopping System Logging Service...
[[0;32m  OK  [0m] Stopped target System Time Synchronized.
[[0;32m  OK  [0m] Stopped PostgreSQL RDBMS.
         Stopping PostgreSQL Cluster 9.5-main...
[[0;32m  OK  [0m] Closed Load/Save RF Kill Switch Status /dev/rfkill Watch.
         Stopping Unattended Upgrades Shutdown...
         Stopping Snap Daemon...
         Stopping vboxadd-service.service...
         Stopping FUSE filesystem for LXC...
[[0;32m  OK  [0m] Stopped Message of the Day.
         Stopping LXD - container startup/shutdown...
         Stopping Serial Getty on ttyS0...
[[0;32m  OK  [0m] Unmounted /var/lib/lxcfs.
[[0;32m  OK  [0m] Stopped Deferred execution scheduler.
[[0;32m  OK  [0m] Stopped irqbalance daemon.
[[0;32m  OK  [0m] Stopped Dispatcher daemon for systemd-networkd.
[[0;32m  OK  [0m] Stopped System Logging Service.
[[0;32m  OK  [0m] Stopped Regular background program processing daemon.
[[0;32m  OK  [0m] Stopped Accounts Service.
[[0;32m  OK  [0m] Stopped Serial Getty on ttyS0.
[[0;32m  OK  [0m] Stopped Getty on tty1.
[[0;32m  OK  [0m] Stopped OpenBSD Secure Shell server.
[[0;32m  OK  [0m] Stopped Authorization Manager.
[[0;32m  OK  [0m] Stopped Availability of block devices.
[[0;32m  OK  [0m] Stopped D-Bus System Message Bus.
[[0;32m  OK  [0m] Stopped FUSE filesystem for LXC.
[[0;32m  OK  [0m] Removed slice system-getty.slice.
[[0;32m  OK  [0m] Removed slice system-serial\x2dgetty.slice.
[[0;32m  OK  [0m] Stopped Unattended Upgrades Shutdown.
[[0;32m  OK  [0m] Stopped LSB: Record successful boot for GRUB.
[[0;32m  OK  [0m] Stopped User Manager for UID 1000.
[[0;32m  OK  [0m] Stopped Snap Daemon.
[[0;32m  OK  [0m] Stopped LSB: automatic crash report generation.
[[0;32m  OK  [0m] Stopped vboxadd-service.service.
[[0;32m  OK  [0m] Stopped LXD - container startup/shutdown.
[[0;32m  OK  [0m] Stopped Session 47 of user vagrant.
         Stopping vboxadd.service...
         Unmounting Mount unit for core, revision 9804...
         Unmounting Mount unit for heroku, revision 3960...
         Unmounting Mount unit for core, revision 9665...
         Unmounting Mount unit for heroku, revision 3962...
[[0;32m  OK  [0m] Removed slice User Slice of vagrant.
         Stopping Permit User Sessions...
         Stopping Login Service...
[[0;32m  OK  [0m] Stopped Permit User Sessions.
[[0;32m  OK  [0m] Stopped target Remote File Systems.
[[0;32m  OK  [0m] Stopped target Remote File Systems (Pre).
[[0;32m  OK  [0m] Unmounted Mount unit for heroku, revision 3960.
[[0;32m  OK  [0m] Unmounted Mount unit for core, revision 9665.
[[0;32m  OK  [0m] Unmounted Mount unit for core, revision 9804.
[[0;32m  OK  [0m] Unmounted Mount unit for heroku, revision 3962.
[[0;32m  OK  [0m] Stopped Login Service.
[[0;32m  OK  [0m] Stopped target User and Group Name Lookups.
[[0;32m  OK  [0m] Unmounted /vagrant.
[[0;32m  OK  [0m] Stopped vboxadd.service.
[[0;32m  OK  [0m] Stopped PostgreSQL Cluster 9.5-main.
[[0;32m  OK  [0m] Removed slice system-postgresql.slice.
[[0;32m  OK  [0m] Stopped MySQL Community Server.
[[0;32m  OK  [0m] Stopped target Basic System.
[[0;32m  OK  [0m] Stopped target Paths.
[[0;32m  OK  [0m] Stopped ACPI Events Check.
[[0;32m  OK  [0m] Stopped target Sockets.
[[0;32m  OK  [0m] Closed ACPID Listen Socket.
[[0;32m  OK  [0m] Closed D-Bus System Message Bus Socket.
[[0;32m  OK  [0m] Closed UUID daemon activation socket.
[[0;32m  OK  [0m] Closed LXD - unix socket.
[[0;32m  OK  [0m] Closed Syslog Socket.
[[0;32m  OK  [0m] Closed Socket activation for snappy daemon.
[[0;32m  OK  [0m] Closed Open-iSCSI iscsid Socket.
[[0;32m  OK  [0m] Stopped target Slices.
[[0;32m  OK  [0m] Removed slice User and Session Slice.
[[0;32m  OK  [0m] Stopped target Network.
         Stopping Network Name Resolution...
[[0;32m  OK  [0m] Stopped target System Initialization.
[[0;32m  OK  [0m] Stopped Initial cloud-init job (metadata service crawler).
[[0;32m  OK  [0m] Stopped Wait for Network to be Configured.
         Stopping Update UTMP about System Boot/Shutdown...
[[0;32m  OK  [0m] Stopped target Local Encrypted Volumes.
[[0;32m  OK  [0m] Stopped Dispatch Password Requests to Console Directory Watch.
[[0;32m  OK  [0m] Stopped Forward Password Requests to Wall Directory Watch.
         Stopping Load/Save Random Seed...
[[0;32m  OK  [0m] Stopped Network Name Resolution.
[[0;32m  OK  [0m] Stopped Load/Save Random Seed.
         Stopping Network Service...
[[0;32m  OK  [0m] Stopped Update UTMP about System Boot/Shutdown.
[[0;32m  OK  [0m] Stopped Create Volatile Files and Directories.
[[0;32m  OK  [0m] Stopped target Local File Systems.
         Unmounting /run/user/1000...
[[0;32m  OK  [0m] Stopped Network Service.
[[0;32m  OK  [0m] Stopped target Network (Pre).
[[0;32m  OK  [0m] Stopped Initial cloud-init job (pre-networking).
[[0;32m  OK  [0m] Stopped Apply Kernel Variables.
[[0;32m  OK  [0m] Stopped Load Kernel Modules.
[[0;32m  OK  [0m] Unmounted /run/user/1000.
[[0;32m  OK  [0m] Reached target Unmount All Filesystems.
[[0;32m  OK  [0m] Stopped target Local File Systems (Pre).
         Stopping Monitoring of LVM2 mirrorsâ€¦ng dmeventd or progress polling...
[[0;32m  OK  [0m] Stopped Create Static Device Nodes in /dev.
[[0;32m  OK  [0m] Stopped Remount Root and Kernel File Systems.
[[0;32m  OK  [0m] Stopped target Swap.
[[0;32m  OK  [0m] Reached target Shutdown.
[[0;32m  OK  [0m] Reached target Final Step.
         Starting Power-Off...
[[0;32m  OK  [0m] Stopped Monitoring of LVM2 mirrors,â€¦sing dmeventd or progress polling.
         Stopping LVM2 metadata daemon...
[[0;32m  OK  [0m] Stopped LVM2 metadata daemon.
[20830.499714] reboot: Power down
